// Jest Snapshot v1, https://goo.gl/fbAQLP

exports[`<App /> should generate a snapshot for for app component 1`] = `
<View
  style={
    Object {
      "alignItems": "center",
      "flex": 1,
      "flexDirection": "column",
      "justifyContent": "center",
    }
  }
>
  <Image
    source={1}
    style={
      Object {
        "height": 100,
        "width": 100,
      }
    }
  />
  <Text>
    Bienvenue...
  </Text>
</View>
`;
