// Jest Snapshot v1, https://goo.gl/fbAQLP

exports[`Component SelectCharacter Le composant SelectCharacter est bien rendu 1`] = `
<View
  style={
    Object {
      "alignContent": "center",
    }
  }
>
  <Text
    style={
      Object {
        "fontWeight": "600",
        "textAlign": "center",
      }
    }
  />
  <View
    style={
      Object {
        "flexDirection": "row",
        "justifyContent": "space-evenly",
        "marginVertical": 10,
      }
    }
    testID="renderStars"
  >
    <Text
      allowFontScaling={false}
      style={
        Array [
          Object {
            "color": undefined,
            "fontSize": 12,
          },
          Object {
            "color": "orange",
            "fontSize": 30,
          },
          Object {
            "fontFamily": "ionicons",
            "fontStyle": "normal",
            "fontWeight": "normal",
          },
          Object {},
        ]
      }
    >
      
    </Text>
    <Text
      allowFontScaling={false}
      style={
        Array [
          Object {
            "color": undefined,
            "fontSize": 12,
          },
          Object {
            "color": "orange",
            "fontSize": 30,
          },
          Object {
            "fontFamily": "ionicons",
            "fontStyle": "normal",
            "fontWeight": "normal",
          },
          Object {},
        ]
      }
    >
      
    </Text>
    <Text
      allowFontScaling={false}
      style={
        Array [
          Object {
            "color": undefined,
            "fontSize": 12,
          },
          Object {
            "color": "orange",
            "fontSize": 30,
          },
          Object {
            "fontFamily": "ionicons",
            "fontStyle": "normal",
            "fontWeight": "normal",
          },
          Object {},
        ]
      }
    >
      
    </Text>
    <Text
      allowFontScaling={false}
      style={
        Array [
          Object {
            "color": undefined,
            "fontSize": 12,
          },
          Object {
            "color": "orange",
            "fontSize": 30,
          },
          Object {
            "fontFamily": "ionicons",
            "fontStyle": "normal",
            "fontWeight": "normal",
          },
          Object {},
        ]
      }
    >
      
    </Text>
    <Text
      allowFontScaling={false}
      style={
        Array [
          Object {
            "color": undefined,
            "fontSize": 12,
          },
          Object {
            "color": "orange",
            "fontSize": 30,
          },
          Object {
            "fontFamily": "ionicons",
            "fontStyle": "normal",
            "fontWeight": "normal",
          },
          Object {},
        ]
      }
    >
      
    </Text>
  </View>
</View>
`;
